Initial:
  1
1 1
 11

Frame #1:
 1  
  21
 22 

Frame #2:
  1 
   2
 331

Frame #3:
    
 1 3
  42
  1 

Frame #4:
    
   4
 1 3
  21

Frame #5:
     
  1  
   41
  32 

